172.14.177.17 - - [18/Sep/2017:09:50:00 -0500] "GET / HTTP/1.1" 200 - "-" "Mozilla/5.0 (Windows NT 10.0; Win64; x64) AppleWebKit/537.36 (KHTML, like Gecko) Chrome/60.0.3112.113 Safari/537.36"
172.14.177.17 - - [18/Sep/2017:09:51:38 -0500] "GET / HTTP/1.1" 200 - "-" "Mozilla/5.0 (Windows NT 10.0; Win64; x64) AppleWebKit/537.36 (KHTML, like Gecko) Chrome/60.0.3112.113 Safari/537.36"
172.14.177.17 - - [18/Sep/2017:09:51:44 -0500] "GET /index.php/production HTTP/1.1" 200 - "-" "Mozilla/5.0 (Windows NT 10.0; Win64; x64) AppleWebKit/537.36 (KHTML, like Gecko) Chrome/60.0.3112.113 Safari/537.36"
172.14.177.17 - - [18/Sep/2017:09:52:42 -0500] "-" 408 - "-" "-"
172.14.177.17 - - [18/Sep/2017:09:54:03 -0500] "GET /test.php HTTP/1.1" 200 102 "-" "Mozilla/5.0 (Windows NT 10.0; Win64; x64) AppleWebKit/537.36 (KHTML, like Gecko) Chrome/60.0.3112.113 Safari/537.36"
172.14.177.17 - - [18/Sep/2017:09:54:18 -0500] "GET /test.php HTTP/1.1" 200 52779 "-" "Mozilla/5.0 (Windows NT 10.0; Win64; x64) AppleWebKit/537.36 (KHTML, like Gecko) Chrome/60.0.3112.113 Safari/537.36"
172.14.177.17 - - [18/Sep/2017:09:54:18 -0500] "GET /test.php?=PHPE9568F34-D428-11d2-A769-00AA001ACF42 HTTP/1.1" 200 2524 "http://198.211.210.221/test.php" "Mozilla/5.0 (Windows NT 10.0; Win64; x64) AppleWebKit/537.36 (KHTML, like Gecko) Chrome/60.0.3112.113 Safari/537.36"
172.14.177.17 - - [18/Sep/2017:09:54:18 -0500] "GET /test.php?=PHPE9568F35-D428-11d2-A769-00AA001ACF42 HTTP/1.1" 200 2146 "http://198.211.210.221/test.php" "Mozilla/5.0 (Windows NT 10.0; Win64; x64) AppleWebKit/537.36 (KHTML, like Gecko) Chrome/60.0.3112.113 Safari/537.36"
172.14.177.17 - - [18/Sep/2017:09:54:44 -0500] "GET /index.php/ HTTP/1.1" 200 - "-" "Mozilla/5.0 (Windows NT 10.0; Win64; x64) AppleWebKit/537.36 (KHTML, like Gecko) Chrome/60.0.3112.113 Safari/537.36"
172.14.177.17 - - [18/Sep/2017:10:00:51 -0500] "GET /test.php/ HTTP/1.1" 200 87 "-" "Mozilla/5.0 (Windows NT 10.0; Win64; x64) AppleWebKit/537.36 (KHTML, like Gecko) Chrome/60.0.3112.113 Safari/537.36"
172.14.177.17 - - [18/Sep/2017:10:01:02 -0500] "GET /index.php/ HTTP/1.1" 200 - "-" "Mozilla/5.0 (Windows NT 10.0; Win64; x64) AppleWebKit/537.36 (KHTML, like Gecko) Chrome/60.0.3112.113 Safari/537.36"
172.14.177.17 - - [18/Sep/2017:10:01:37 -0500] "GET /index.php/dashboard HTTP/1.1" 200 - "-" "Mozilla/5.0 (Windows NT 10.0; Win64; x64) AppleWebKit/537.36 (KHTML, like Gecko) Chrome/60.0.3112.113 Safari/537.36"
172.14.177.17 - - [18/Sep/2017:10:06:50 -0500] "GET /login HTTP/1.1" 404 284 "-" "Mozilla/5.0 (Windows NT 10.0; Win64; x64) AppleWebKit/537.36 (KHTML, like Gecko) Chrome/60.0.3112.113 Safari/537.36"
172.14.177.17 - - [18/Sep/2017:10:06:53 -0500] "GET /login.php HTTP/1.1" 404 288 "-" "Mozilla/5.0 (Windows NT 10.0; Win64; x64) AppleWebKit/537.36 (KHTML, like Gecko) Chrome/60.0.3112.113 Safari/537.36"
172.14.177.17 - - [18/Sep/2017:10:07:12 -0500] "GET /index.php/login/do_login/ HTTP/1.1" 200 - "-" "Mozilla/5.0 (Windows NT 10.0; Win64; x64) AppleWebKit/537.36 (KHTML, like Gecko) Chrome/60.0.3112.113 Safari/537.36"
172.14.177.17 - - [18/Sep/2017:10:07:17 -0500] "GET /index.php/login/ HTTP/1.1" 200 - "-" "Mozilla/5.0 (Windows NT 10.0; Win64; x64) AppleWebKit/537.36 (KHTML, like Gecko) Chrome/60.0.3112.113 Safari/537.36"
172.14.177.17 - - [18/Sep/2017:10:16:40 -0500] "GET /concrete/config/version.php HTTP/1.1" 200 14 "-" "Mozilla/5.0 (Windows NT 10.0; Win64; x64) AppleWebKit/537.36 (KHTML, like Gecko) Chrome/60.0.3112.113 Safari/537.36"
172.14.177.17 - - [18/Sep/2017:10:16:50 -0500] "GET /index.php/concrete/config/version.php HTTP/1.1" 200 - "-" "Mozilla/5.0 (Windows NT 10.0; Win64; x64) AppleWebKit/537.36 (KHTML, like Gecko) Chrome/60.0.3112.113 Safari/537.36"
172.14.177.17 - - [18/Sep/2017:10:32:32 -0500] "GET /index.php/ HTTP/1.1" 200 - "-" "Mozilla/5.0 (Windows NT 10.0; Win64; x64) AppleWebKit/537.36 (KHTML, like Gecko) Chrome/60.0.3112.113 Safari/537.36"
172.14.177.17 - - [18/Sep/2017:10:32:36 -0500] "GET / HTTP/1.1" 200 - "-" "Mozilla/5.0 (Windows NT 10.0; Win64; x64) AppleWebKit/537.36 (KHTML, like Gecko) Chrome/60.0.3112.113 Safari/53::1 - - [18/Sep/2017:10:37:48 -0500] "GET /index.html HTTP/1.1" 304 - "-" "Mozilla/5.0 (X11; Linux x86_64; rv:52.0) Gecko/20100101 Firefox/52.0"
::1 - - [18/Sep/2017:10:37:48 -0500] "GET /favicon.ico HTTP/1.1" 304 - "-" "Mozilla/5.0 (X11; Linux x86_64; rv:52.0) Gecko/20100101 Firefox/52.0"
172.14.177.17 - - [18/Sep/2017:10:37:49 -0500] "GET /index.php/production HTTP/1.1" 200 - "-" "Mozilla/5.0 (Windows NT 10.0; Win64; x64) AppleWebKit/537.36 (KHTML, like Gecko) Chrome/60.0.3112.113 Safari/537.36"
::1 - - [18/Sep/2017:10:37:51 -0500] "GET / HTTP/1.1" 200 - "-" "Mozilla/5.0 (X11; Linux x86_64; rv:52.0) Gecko/20100101 Firefox/52.0"
172.14.177.17 - - [18/Sep/2017:10:43:29 -0500] "GET /index.php/production HTTP/1.1" 200 - "-" "Mozilla/5.0 (Windows NT 10.0; Win64; x64) AppleWebKit/537.36 (KHTML, like Gecko) Chrome/60.0.3112.113 Safari/537.36"
172.14.177.17 - - [18/Sep/2017:10:43:34 -0500] "GET /index.php/ HTTP/1.1" 200 - "-" "Mozilla/5.0 (Windows NT 10.0; Win64; x64) AppleWebKit/537.36 (KHTML, like Gecko) Chrome/60.0.3112.113 Safari/537.36"
::1 - - [18/Sep/2017:10:44:20 -0500] "GET / HTTP/1.1" 200 - "-" "Mozilla/5.0 (X11; Linux x86_64; rv:52.0) Gecko/20100101 Firefox/52.0"
::1 - - [18/Sep/2017:10:44:20 -0500] "GET / HTTP/1.1" 200 - "-" "Mozilla/5.0 (X11; Linux x86_64; rv:52.0) Gecko/20100101 Firefox/52.0"
172.14.177.17 - - [18/Sep/2017:10:46:33 -0500] "GET /index.php/ HTTP/1.1" 200 - "-" "Mozilla/5.0 (Windows NT 10.0; Win64; x64) AppleWebKit/537.36 (KHTML, like Gecko) Chrome/60.0.3112.113 Safari/537.36"
172.14.177.17 - - [18/Sep/2017:10:46:47 -0500] "GET /index.php/ HTTP/1.1" 200 - "-" "Mozilla/5.0 (Windows NT 10.0; Win64; x64) AppleWebKit/537.36 (KHTML, like Gecko) Chrome/60.0.3112.113 Safari/537.36"
172.14.177.17 - - [18/Sep/2017:10:47:48 -0500] "-" 408 - "-" "-"
172.14.177.17 - - [18/Sep/2017:10:48:42 -0500] "GET /index.php/production HTTP/1.1" 200 - "-" "Mozilla/5.0 (Windows NT 10.0; Win64; x64) AppleWebKit/537.36 (KHTML, like Gecko) Chrome/60.0.3112.113 Safari/537.36"
172.14.177.17 - - [18/Sep/2017:10:48:56 -0500] "GET /index.php/production HTTP/1.1" 200 - "-" "Mozilla/5.0 (Windows NT 10.0; Win64; x64) AppleWebKit/537.36 (KHTML, like Gecko) Chrome/60.0.3112.113 Safari/537.36"
172.14.177.17 - - [18/Sep/2017:10:49:07 -0500] "GET /index.php/production HTTP/1.1" 403 303 "-" "Mozilla/5.0 (Windows NT 10.0; Win64; x64) AppleWebKit/537.36 (KHTML, like Gecko) Chrome/60.0.3112.113 Safari/537.36"
172.14.177.17 - - [18/Sep/2017:10:49:15 -0500] "GET / HTTP/1.1" 403 283 "-" "Mozilla/5.0 (Windows NT 10.0; Win64; x64) AppleWebKit/537.36 (KHTML, like Gecko) Chrome/60.0.3112.113 Safari/537.36"
172.14.177.17 - - [18/Sep/2017:10:49:21 -0500] "GET / HTTP/1.1" 403 283 "-" "Mozilla/5.0 (Windows NT 10.0; Win64; x64) AppleWebKit/537.36 (KHTML, like Gecko) Chrome/60.0.3112.113 Safari/537.36"
172.14.177.17 - - [18/Sep/2017:10:49:32 -0500] "GET / HTTP/1.1" 200 - "-" "Mozilla/5.0 (Windows NT 10.0; Win64; x64) AppleWebKit/537.36 (KHTML, like Gecko) Chrome/60.0.3112.113 Safari/537.36"
172.14.177.17 - - [18/Sep/2017:10:50:12 -0500] "GET /index.php/ HTTP/1.1" 200 - "-" "Mozilla/5.0 (Windows NT 10.0; Win64; x64) AppleWebKit/537.36 (KHTML, like Gecko) Chrome/60.0.3112.113 Safari/537.36"
172.14.177.17 - - [18/Sep/2017:10:50:15 -0500] "GET / HTTP/1.1" 200 - "-" "Mozilla/5.0 (Windows NT 10.0; Win64; x64) AppleWebKit/537.36 (KHTML, like Gecko) Chrome/60.0.3112.113 Safari/537.36"
172.14.177.17 - - [18/Sep/2017:10:51:27 -0500] "GET / HTTP/1.1" 403 283 "-" "Mozilla/5.0 (Windows NT 10.0; Win64; x64) AppleWebKit/537.36 (KHTML, like Gecko) Chrome/60.0.3112.113 Safari/537.36"
172.14.177.17 - - [18/Sep/2017:10:51:41 -0500] "GET / HTTP/1.1" 403 283 "-" "Mozilla/5.0 (Windows NT 10.0; Win64; x64) AppleWebKit/537.36 (KHTML, like Gecko) Chrome/60.0.3112.113 Safari/537.36"
172.14.177.17 - - [18/Sep/2017:10:51:48 -0500] "GET / HTTP/1.1" 200 - "-" "Mozilla/5.0 (Windows NT 10.0; Win64; x64) AppleWebKit/537.36 (KHTML, like Gecko) Chrome/60.0.3112.113 Safari/537.36"
172.14.177.17 - - [18/Sep/2017:10:52:50 -0500] "-" 408 - "-" "-"
192.168.1.103 - - [18/Sep/2017:10:58:56 -0500] "GET / HTTP/1.1" 200 - "-" "Mozilla/5.0 (Windows NT 6.1; Win64; x64) AppleWebKit/537.36 (KHTML, like Gecko) Chrome/61.0.3163.91 Safari/537.36"
192.168.1.103 - - [18/Sep/2017:10:58:56 -0500] "GET /favicon.ico HTTP/1.1" 200 - "http://192.168.0.233/" "Mozilla/5.0 (Windows NT 6.1; Win64; x64) AppleWebKit/537.36 (KHTML, like Gecko) Chrome/61.0.3163.91 Safari/537.36"
172.14.177.17 - - [18/Sep/2017:10:59:39 -0500] "GET / HTTP/1.1" 200 - "-" "Mozilla/5.0 (Windows NT 10.0; Win64; x64) AppleWebKit/537.36 (KHTML, like Gecko) Chrome/60.0.3112.113 Safari/537.36"
172.14.177.17 - - [18/Sep/2017:10:59:50 -0500] "GET /index.php/production HTTP/1.1" 200 - "-" "Mozilla/5.0 (Windows NT 10.0; Win64; x64) AppleWebKit/537.36 (KHTML, like Gecko) Chrome/60.0.3112.113 Safari/537.36"
172.14.177.17 - - [18/Sep/2017:11:01:47 -0500] "GET /index.php/production HTTP/1.1" 200 - "-" "Mozilla/5.0 (Windows NT 10.0; Win64; x64) AppleWebKit/537.36 (KHTML, like Gecko) Chrome/60.0.3112.113 Safari/537.36"
172.14.177.17 - - [18/Sep/2017:11:01:51 -0500] "GET /index.php/ HTTP/1.1" 200 - "-" "Mozilla/5.0 (Windows NT 10.0; Win64; x64) AppleWebKit/537.36 (KHTML, like Gecko) Chrome/60.0.3112.113 Safari/537.36"
172.14.177.17 - - [18/Sep/2017:11:02:02 -0500] "GET /index.php/ HTTP/1.1" 200 - "-" "Mozilla/5.0 (Windows NT 10.0; Win64; x64) AppleWebKit/537.36 (KHTML, like Gecko) Chrome/60.0.3112.113 Safari/537.36"
172.14.177.17 - - [18/Sep/2017:11:02:03 -0500] "GET /index.php/ HTTP/1.1" 200 - "-" "Mozilla/5.0 (Windows NT 10.0; Win64; x64) AppleWebKit/537.36 (KHTML, like Gecko) Chrome/60.0.3112.113 Safari/537.36"
172.14.177.17 - - [18/Sep/2017:11:02:04 -0500] "GET /index.php/ HTTP/1.1" 200 - "-" "Mozilla/5.0 (Windows NT 10.0; Win64; x64) AppleWebKit/537.36 (KHTML, like Gecko) Chrome/60.0.3112.113 Safari/537.36"
172.14.177.17 - - [18/Sep/2017:11:02:04 -0500] "GET /index.php/ HTTP/1.1" 200 - "-" "Mozilla/5.0 (Windows NT 10.0; Win64; x64) AppleWebKit/537.36 (KHTML, like Gecko) Chrome/60.0.3112.113 Safari/537.36"
172.14.177.17 - - [18/Sep/2017:11:02:04 -0500] "GET /index.php/ HTTP/1.1" 200 - "-" "Mozilla/5.0 (Windows NT 10.0; Win64; x64) AppleWebKit/537.36 (KHTML, like Gecko) Chrome/60.0.3112.113 Safari/537.36"
172.14.177.17 - - [18/Sep/2017:11:02:04 -0500] "GET /index.php/ HTTP/1.1" 200 - "-" "Mozilla/5.0 (Windows NT 10.0; Win64; x64) AppleWebKit/537.36 (KHTML, like Gecko) Chrome/60.0.3112.113 Safari/537.36"
172.14.177.17 - - [18/Sep/2017:11:02:04 -0500] "GET /index.php/ HTTP/1.1" 200 - "-" "Mozilla/5.0 (Windows NT 10.0; Win64; x64) AppleWebKit/537.36 (KHTML, like Gecko) Chrome/60.0.3112.113 Safari/537.36"
172.14.177.17 - - [18/Sep/2017:11:02:30 -0500] "GET /index.php/ HTTP/1.1" 200 - "-" "Mozilla/5.0 (Windows NT 10.0; Win64; x64) AppleWebKit/537.36 (KHTML, like Gecko) Chrome/60.0.3112.113 Safari/537.36"
172.14.177.17 - - [18/Sep/2017:11:02:31 -0500] "GET /index.php/ HTTP/1.1" 200 - "-" "Mozilla/5.0 (Windows NT 10.0; Win64; x64) AppleWebKit/537.36 (KHTML, like Gecko) Chrome/60.0.3112.113 Safari/537.36"
172.14.177.17 - - [18/Sep/2017:11:02:31 -0500] "GET /index.php/ HTTP/1.1" 200 - "-" "Mozilla/5.0 (Windows NT 10.0; Win64; x64) AppleWebKit/537.36 (KHTML, like Gecko) Chrome/60.0.3112.113 Safari/537.36"
172.14.177.17 - - [18/Sep/2017:11:02:31 -0500] "GET /index.php/ HTTP/1.1" 200 - "-" "Mozilla/5.0 (Windows NT 10.0; Win64; x64) AppleWebKit/537.36 (KHTML, like Gecko) Chrome/60.0.3112.113 Safari/537.36"
172.14.177.17 - - [18/Sep/2017:11:30:49 -0500] "GET /test.php HTTP/1.1" 200 51629 "-" "Mozilla/5.0 (Windows NT 10.0; Win64; x64) AppleWebKit/537.36 (KHTML, like Gecko) Chrome/60.0.3112.113 Safari/537.36"
172.14.177.17 - - [18/Sep/2017:11:30:49 -0500] "GET /test.php?=PHPE9568F34-D428-11d2-A769-00AA001ACF42 HTTP/1.1" 200 2524 "http://198.211.210.221/test.php" "Mozilla/5.0 (Windows NT 10.0; Win64; x64) AppleWebKit/537.36 (KHTML, like Gecko) Chrome/60.0.3112.113 Safari/537.36"
172.14.177.17 - - [18/Sep/2017:11:30:49 -0500] "GET /test.php?=PHPE9568F35-D428-11d2-A769-00AA001ACF42 HTTP/1.1" 200 2146 "http://198.211.210.221/test.php" "Mozilla/5.0 (Windows NT 10.0; Win64; x64) AppleWebKit/537.36 (KHTML, like Gecko) Chrome/60.0.3112.113 Safari/537.36"
::1 - - [18/Sep/2017:11:35:36 -0500] "GET / HTTP/1.1" 200 - "-" "Mozilla/5.0 (X11; Linux x86_64; rv:52.0) Gecko/20100101 Firefox/52.0"
::1 - - [18/Sep/2017:11:35:37 -0500] "GET / HTTP/1.1" 200 - "-" "Mozilla/5.0 (X11; Linux x86_64; rv:52.0) Gecko/20100101 Firefox/52.0"
::1 - - [18/Sep/2017:11:35:37 -0500] "GET / HTTP/1.1" 200 - "-" "Mozilla/5.0 (X11; Linux x86_64; rv:52.0) Gecko/20100101 Firefox/52.0"
::1 - - [18/Sep/2017:11:35:38 -0500] "GET / HTTP/1.1" 200 - "-" "Mozilla/5.0 (X11; Linux x86_64; rv:52.0) Gecko/20100101 Firefox/52.0"
::1 - - [18/Sep/2017:11:35:38 -0500] "GET / HTTP/1.1" 200 - "-" "Mozilla/5.0 (X11; Linux x86_64; rv:52.0) Gecko/20100101 Firefox/52.0"
::1 - - [18/Sep/2017:11:35:38 -0500] "GET / HTTP/1.1" 200 - "-" "Mozilla/5.0 (X11; Linux x86_64; rv:52.0) Gecko/20100101 Firefox/52.0"
::1 - - [18/Sep/2017:11:35:38 -0500] "GET / HTTP/1.1" 200 - "-" "Mozilla/5.0 (X11; Linux x86_64; rv:52.0) Gecko/20100101 Firefox/52.0"
::1 - - [18/Sep/2017:11:35:38 -0500] "GET / HTTP/1.1" 200 - "-" "Mozilla/5.0 (X11; Linux x86_64; rv:52.0) Gecko/20100101 Firefox/52.0"
::1 - - [18/Sep/2017:11:35:38 -0500] "GET / HTTP/1.1" 200 - "-" "Mozilla/5.0 (X11; Linux x86_64; rv:52.0) Gecko/20100101 Firefox/52.0"
172.14.177.17 - - [18/Sep/2017:11:36:15 -0500] "GET /index.php/production HTTP/1.1" 200 - "-" "Mozilla/5.0 (Windows NT 10.0; Win64; x64) AppleWebKit/537.36 (KHTML, like Gecko) Chrome/60.0.3112.113 Safari/537.36"
172.14.177.17 - - [18/Sep/2017:11:38:57 -0500] "GET /index.php/dashboard HTTP/1.1" 200 - "-" "Mozilla/5.0 (Windows NT 10.0; Win64; x64) AppleWebKit/537.36 (KHTML, like Gecko) Chrome/60.0.3112.113 Safari/537.36"
172.14.177.17 - - [18/Sep/2017:11:42:11 -0500] "GET /index.php/dashboard HTTP/1.1" 200 - "-" "Mozilla/5.0 (Windows NT 10.0; Win64; x64) AppleWebKit/537.36 (KHTML, like Gecko) Chrome/60.0.3112.113 Safari/537.36"
172.14.177.17 - - [18/Sep/2017:11:42:13 -0500] "GET /index.php/ HTTP/1.1" 200 - "-" "Mozilla/5.0 (Windows NT 10.0; Win64; x64) AppleWebKit/537.36 (KHTML, like Gecko) Chrome/60.0.3112.113 Safari/537.36"
172.14.177.17 - - [18/Sep/2017:11:42:19 -0500] "GET /index.php/ HTTP/1.1" 200 8 "-" "Mozilla/5.0 (Windows NT 10.0; Win64; x64) AppleWebKit/537.36 (KHTML, like Gecko) Chrome/60.0.3112.113 Safari/537.36"
172.14.177.17 - - [18/Sep/2017:11:42:29 -0500] "GET /index.php/ HTTP/1.1" 200 - "-" "Mozilla/5.0 (Windows NT 10.0; Win64; x64) AppleWebKit/537.36 (KHTML, like Gecko) Chrome/60.0.3112.113 Safari/537.36"
172.14.177.17 - - [18/Sep/2017:11:42:39 -0500] "GET /index.php/ HTTP/1.1" 200 8 "-" "Mozilla/5.0 (Windows NT 10.0; Win64; x64) AppleWebKit/537.36 (KHTML, like Gecko) Chrome/60.0.3112.113 Safari/537.36"
172.14.177.17 - - [18/Sep/2017:11:43:00 -0500] "GET /index.php/ HTTP/1.1" 200 - "-" "Mozilla/5.0 (Windows NT 10.0; Win64; x64) AppleWebKit/537.36 (KHTML, like Gecko) Chrome/60.0.3112.113 Safari/537.36"
172.14.177.17 - - [18/Sep/2017:11:43:11 -0500] "GET /index.php/ HTTP/1.1" 200 - "-" "Mozilla/5.0 (Windows NT 10.0; Win64; x64) AppleWebKit/537.36 (KHTML, like Gecko) Chrome/60.0.3112.113 Safari/537.36"
172.14.177.17 - - [18/Sep/2017:11:43:45 -0500] "GET /index.php/ HTTP/1.1" 200 - "-" "Mozilla/5.0 (Windows NT 10.0; Win64; x64) AppleWebKit/537.36 (KHTML, like Gecko) Chrome/60.0.3112.113 Safari/537.36"
172.14.177.17 - - [18/Sep/2017:11:43:46 -0500] "GET /index.php/ HTTP/1.1" 200 - "-" "Mozilla/5.0 (Windows NT 10.0; Win64; x64) AppleWebKit/537.36 (KHTML, like Gecko) Chrome/60.0.3112.113 Safari/537.36"
172.14.177.17 - - [18/Sep/2017:11:43:46 -0500] "GET /index.php/ HTTP/1.1" 200 - "-" "Mozilla/5.0 (Windows NT 10.0; Win64; x64) AppleWebKit/537.36 (KHTML, like Gecko) Chrome/60.0.3112.113 Safari/537.36"
172.14.177.17 - - [18/Sep/2017:11:43:46 -0500] "GET /index.php/ HTTP/1.1" 200 - "-" "Mozilla/5.0 (Windows NT 10.0; Win64; x64) AppleWebKit/537.36 (KHTML, like Gecko) Chrome/60.0.3112.113 Safari/537.36"
172.14.177.17 - - [18/Sep/2017:11:43:46 -0500] "GET /index.php/ HTTP/1.1" 200 - "-" "Mozilla/5.0 (Windows NT 10.0; Win64; x64) AppleWebKit/537.36 (KHTML, like Gecko) Chrome/60.0.3112.113 Safari/537.36"
201.33.21.109 - - [18/Sep/2017:13:39:29 -0500] "GET / HTTP/1.0" 200 - "-" "-"
66.196.23.58 - - [18/Sep/2017:13:41:34 -0500] "GET / HTTP/1.1" 200 - "-" "Mozilla/5.0 (Windows NT 6.1; Win64; x64) AppleWebKit/537.36 (KHTML, like Gecko) Chrome/60.0.3112.113 Safari/537.36"
66.196.23.58 - - [18/Sep/2017:13:41:34 -0500] "GET /favicon.ico HTTP/1.1" 200 - "http://198.211.210.221/" "Mozilla/5.0 (Windows NT 6.1; Win64; x64) AppleWebKit/537.36 (KHTML, like Gecko) Chrome/60.0.3112.113 Safari/537.36"
172.14.177.17 - - [18/Sep/2017:13:53:20 -0500] "GET /index.php/report/stats HTTP/1.1" 200 - "-" "Mozilla/5.0 (Windows NT 10.0; Win64; x64) AppleWebKit/537.36 (KHTML, like Gecko) Chrome/60.0.3112.113 Safari/537.36"
172.14.177.17 - - [18/Sep/2017:13:54:16 -0500] "GET /index.php/ HTTP/1.1" 200 - "-" "Mozilla/5.0 (Windows NT 10.0; Win64; x64) AppleWebKit/537.36 (KHTML, like Gecko) Chrome/60.0.3112.113 Safari/537.36"
172.14.177.17 - - [18/Sep/2017:13:55:17 -0500] "-" 408 - "-" "-"
172.14.177.17 - - [18/Sep/2017:13:59:11 -0500] "GET /index.php/tools/required/upgrade HTTP/1.1" 200 - "-" "Mozilla/5.0 (Windows NT 10.0; Win64; x64) AppleWebKit/537.36 (KHTML, like Gecko) Chrome/60.0.3112.113 Safari/537.36"
172.14.177.17 - - [18/Sep/2017:13:59:27 -0500] "GET /index.php/tools/required/upgrade.php HTTP/1.1" 200 - "-" "Mozilla/5.0 (Windows NT 10.0; Win64; x64) AppleWebKit/537.36 (KHTML, like Gecko) Chrome/60.0.3112.113 Safari/537.36"
192.168.0.102 - - [18/Sep/2017:14:00:18 -0500] "GET / HTTP/1.1" 200 - "-" "Mozilla/5.0 (Macintosh; Intel Mac OS X 10_9_5) AppleWebKit/537.36 (KHTML, like Gecko) Chrome/60.0.3112.113 Safari/537.36"
192.168.0.102 - - [18/Sep/2017:14:00:37 -0500] "GET /srv/www/mytmg HTTP/1.1" 404 290 "-" "Mozilla/5.0 (Macintosh; Intel Mac OS X 10_9_5) AppleWebKit/537.36 (KHTML, like Gecko) Chrome/60.0.3112.113 Safari/537.36"
192.168.0.102 - - [18/Sep/2017:14:00:56 -0500] "GET /index.php/srv/www/mytmg HTTP/1.1" 200 - "-" "Mozilla/5.0 (Macintosh; Intel Mac OS X 10_9_5) AppleWebKit/537.36 (KHTML, like Gecko) Chrome/60.0.3112.113 Safari/537.36"
192.168.0.102 - - [18/Sep/2017:14:03:12 -0500] "GET / HTTP/1.1" 403 281 "-" "Mozilla/5.0 (Macintosh; Intel Mac OS X 10_9_5) AppleWebKit/537.36 (KHTML, like Gecko) Chrome/60.0.3112.113 Safari/537.36"
192.168.0.102 - - [18/Sep/2017:14:03:18 -0500] "GET /index.php/srv/www/mytmg HTTP/1.1" 403 304 "-" "Mozilla/5.0 (Macintosh; Intel Mac OS X 10_9_5) AppleWebKit/537.36 (KHTML, like Gecko) Chrome/60.0.3112.113 Safari/537.36"
192.168.0.102 - - [18/Sep/2017:14:03:53 -0500] "GET /index.php/srv/www/mytmg HTTP/1.1" 403 304 "-" "Mozilla/5.0 (Macintosh; Intel Mac OS X 10_9_5) AppleWebKit/537.36 (KHTML, like Gecko) Chrome/60.0.3112.113 Safari/537.36"
192.168.0.102 - - [18/Sep/2017:14:03:57 -0500] "GET / HTTP/1.1" 403 281 "-" "Mozilla/5.0 (Macintosh; Intel Mac OS X 10_9_5) AppleWebKit/537.36 (KHTML, like Gecko) Chrome/60.0.3112.113 Safari/537.36"
192.168.0.102 - - [18/Sep/2017:14:04:20 -0500] "GET /index.php HTTP/1.1" 403 290 "-" "Mozilla/5.0 (Macintosh; Intel Mac OS X 10_9_5) AppleWebKit/537.36 (KHTML, like Gecko) Chrome/60.0.3112.113 Safari/537.36"
192.168.0.102 - - [18/Sep/2017:14:04:22 -0500] "GET /index.php HTTP/1.1" 403 290 "-" "Mozilla/5.0 (Macintosh; Intel Mac OS X 10_9_5) AppleWebKit/537.36 (KHTML, like Gecko) Chrome/60.0.3112.113 Safari/537.36"
172.14.177.17 - - [18/Sep/2017:14:05:26 -0500] "GET / HTTP/1.1" 403 283 "-" "Mozilla/5.0 (Windows NT 10.0; Win64; x64) AppleWebKit/537.36 (KHTML, like Gecko) Chrome/60.0.3112.113 Safari/537.36"
172.14.177.17 - - [18/Sep/2017:14:06:44 -0500] "GET / HTTP/1.1" 200 - "-" "Mozilla/5.0 (Windows NT 10.0; Win64; x64) AppleWebKit/537.36 (KHTML, like Gecko) Chrome/60.0.3112.113 Safari/537.36"
192.168.0.102 - - [18/Sep/2017:14:06:57 -0500] "GET /index.php HTTP/1.1" 200 - "-" "Mozilla/5.0 (Macintosh; Intel Mac OS X 10_9_5) AppleWebKit/537.36 (KHTML, like Gecko) Chrome/60.0.3112.113 Safari/537.36"
192.168.0.102 - - [18/Sep/2017:14:07:24 -0500] "GET /index.php/srv/www/mytmg HTTP/1.1" 200 - "-" "Mozilla/5.0 (Macintosh; Intel Mac OS X 10_9_5) AppleWebKit/537.36 (KHTML, like Gecko) Chrome/60.0.3112.113 Safari/537.36"
192.168.0.102 - - [18/Sep/2017:14:07:35 -0500] "GET /index.php HTTP/1.1" 200 - "-" "Mozilla/5.0 (Macintosh; Intel Mac OS X 10_9_5) AppleWebKit/537.36 (KHTML, like Gecko) Chrome/60.0.3112.113 Safari/537.36"
172.14.177.17 - - [18/Sep/2017:14:08:19 -0500] "-" 408 - "-" "-"
172.14.177.17 - - [18/Sep/2017:14:08:19 -0500] "-" 408 - "-" "-"
172.14.177.17 - - [18/Sep/2017:14:08:44 -0500] "GET /index3.php/ HTTP/1.1" 404 290 "-" "Mozilla/5.0 (Windows NT 10.0; Win64; x64) AppleWebKit/537.36 (KHTML, like Gecko) Chrome/60.0.3112.113 Safari/537.36"
192.168.0.102 - - [18/Sep/2017:14:11:01 -0500] "GET /index.php HTTP/1.1" 200 - "-" "Mozilla/5.0 (Macintosh; Intel Mac OS X 10_9_5) AppleWebKit/537.36 (KHTML, like Gecko) Chrome/60.0.3112.113 Safari/537.36"
192.168.0.102 - - [18/Sep/2017:14:11:01 -0500] "GET /favicon.ico HTTP/1.1" 200 - "http://192.168.0.233/index.php" "Mozilla/5.0 (Macintosh; Intel Mac OS X 10_9_5) AppleWebKit/537.36 (KHTML, like Gecko) Chrome/60.0.3112.113 Safari/537.36"
192.168.0.102 - - [18/Sep/2017:14:11:09 -0500] "GET /index.html HTTP/1.1" 200 12 "-" "Mozilla/5.0 (Macintosh; Intel Mac OS X 10_9_5) AppleWebKit/537.36 (KHTML, like Gecko) Chrome/60.0.3112.113 Safari/537.36"
192.168.0.102 - - [18/Sep/2017:14:13:54 -0500] "GET /index.html/dashboard HTTP/1.1" 404 297 "-" "Mozilla/5.0 (Macintosh; Intel Mac OS X 10_9_5) AppleWebKit/537.36 (KHTML, like Gecko) Chrome/60.0.3112.113 Safari/537.36"
192.168.0.102 - - [18/Sep/2017:14:15:30 -0500] "GET /index.php HTTP/1.1" 200 - "-" "Mozilla/5.0 (Macintosh; Intel Mac OS X 10_9_5) AppleWebKit/537.36 (KHTML, like Gecko) Chrome/60.0.3112.113 Safari/537.36"
